==63== Memcheck, a memory error detector
==63== Copyright (C) 2002-2022, and GNU GPL'd, by Julian Seward et al.
==63== Using Valgrind-3.22.0 and LibVEX; rerun with -h for copyright info
==63== Command: ./state_test
==63== 
Initial: Pending
	 [STATE] Test ambulance dispatched: Pending -> Dispatched
Now: Dispatched
	 [STATE] Test ambulance en route: Dispatched -> En Route
Now: En Route
	 [STATE] Test ambulance on scene: En Route -> On Scene
Now: On Scene
	 [STATE] Test ambulance completed: On Scene -> Completed
Now: Completed
==63== 
==63== HEAP SUMMARY:
==63==     in use at exit: 0 bytes in 0 blocks
==63==   total heap usage: 8 allocs, 8 frees, 77,912 bytes allocated
==63== 
==63== All heap blocks were freed -- no leaks are possible
==63== 
==63== For lists of detected and suppressed errors, rerun with: -s
==63== ERROR SUMMARY: 0 errors from 0 contexts (suppressed: 0 from 0)
